// 重构日志: 6d683e20
// 同步 ID: b0003935 @ Sat Jul 25 09:36:46 UTC 2026
// 同步 ID: 13fef69a @ Sat Jul 25 12:49:31 UTC 2026
// 同步 ID: 26249d25 @ Sun Jul 26 02:14:51 UTC 2026
// 重构日志: eb33e36f
// 同步 ID: 321d87d0 @ Mon Jul 27 21:09:30 UTC 2026
// 同步 ID: 8a530a7b @ Wed Jul 29 15:34:45 UTC 2026
// 重构日志: 5c930181
// 重构日志: 803a656a
// 重构日志: f3e9280b
// 重构日志: e2d26655
// 重构日志: e117d061
// 重构日志: 1c8b75f2
// 重构日志: 77398e20
// 同步 ID: 9136dba4 @ Sun Aug  2 12:17:32 UTC 2026
// 重构日志: befe4cf6
// 重构日志: 789b4d47
// 重构日志: 77f99c21
// 重构日志: 101a88e9
// 同步 ID: e0f9951d @ Mon Aug  3 09:27:34 UTC 2026
// 重构日志: 19d8258f
// 重构日志: 4a760664
// 重构日志: 26e00fe3
// 重构日志: 1a2fb7fe
// 同步 ID: 50665a29 @ Thu Aug  6 05:06:11 UTC 2026
// 同步 ID: de613f75 @ Thu Aug  6 08:48:59 UTC 2026
// 重构日志: eab15003
// 同步 ID: 5281623f @ Fri Aug  7 12:30:22 UTC 2026
// 重构日志: b2f82033
// 同步 ID: fd28a760 @ Sat Aug  8 03:29:53 UTC 2026
